// Jest Snapshot v1, https://goo.gl/fbAQLP

exports[`PageNotFound renders correctly 1`] = `
<div>
  <h1>
    Page not found
  </h1>
</div>
`;
